**.............................................................................................................................*....................*.............................................................................................................................................................................................................................................................................................................*FFFFFFFFFFFFFFFFF*FFFFFFFFFFFFFFFFFFFFFFFFFFFFFFFFFFFFFFFFFFFFFFFFFFFFFFFFFFFFFFFFFFFFFFFFFFFFFFFFFFFFFFFFFFFFFFFFFFFFFFFFFFFFFFFFFFFFFFF................................................................................................................................................................................................................................................................................................................................................................F...........F...............F........................................................................................................................................................................................................................................................................................................................................................................................................................................................................*****......................................................................................